PASS test/patients.e2e-spec.ts
-------------------------|---------|----------|---------|---------|-------------------
File                     | % Stmts | % Branch | % Funcs | % Lines | Uncovered Line #s 
-------------------------|---------|----------|---------|---------|-------------------
All files                |   92.94 |       40 |     100 |      92 |                   
 exams                   |   87.17 |    42.85 |     100 |   85.71 |                   
  exams.controller.ts    |     100 |      100 |     100 |     100 |                   
  exams.service.ts       |      80 |    33.33 |     100 |   78.26 | 44-52             
 exams/dto               |     100 |      100 |     100 |     100 |                   
  create-exam.dto.ts     |     100 |      100 |     100 |     100 |                   
 patients                |   96.29 |    33.33 |     100 |   95.65 |                   
  patients.controller.ts |     100 |      100 |     100 |     100 |                   
  patients.service.ts    |   93.75 |    33.33 |     100 |   92.85 | 27                
 patients/dto            |     100 |      100 |     100 |     100 |                   
  create-patient.dto.ts  |     100 |      100 |     100 |     100 |                   
 prisma                  |     100 |      100 |     100 |     100 |                   
  prisma.service.ts      |     100 |      100 |     100 |     100 |                   
-------------------------|---------|----------|---------|---------|-------------------

=============================== Coverage summary ===============================
Statements   : 92.94% ( 79/85 )
Branches     : 40% ( 4/10 )
Functions    : 100% ( 15/15 )
Lines        : 92% ( 69/75 )
================================================================================

Test Suites: 2 passed, 2 total
Tests:       9 passed, 9 total
Snapshots:   0 total
Time:        4.641 s
Ran all test suites.
